====================================================
           COMPUTER PULSE - HARDWARE & NETWORK LOG
====================================================
Timestamp          : 2026-09-29 00:10:20
Active Processes   : 243 running processes
CPU Utilization    : 13% load
----------------------------------------------------
Top 3 Memory-Consuming Processes:

Name               RAM_MB
----               ------
Memory Compression 455.08
msedgewebview2     352.57
chrome             274.37



----------------------------------------------------
Disk Storage Breakdown:

DeviceID FreeGB TotalGB
-------- ------ -------
C:          170  237.73



----------------------------------------------------
Network Diagnostics:
Active IPv4 Address: 10.11.2.230
Internet Latency   :  ms (Target: 8.8.8.8)
====================================================
